<?xml version="1.0" encoding="UTF-8"?>
<testsuites name="jest tests" tests="1" failures="0" time="2.584">
  <testsuite name="Mock service tests" errors="0" failures="0" skipped="0" timestamp="2020-08-19T16:51:17" time="2.483" tests="1">
    <testcase classname="Mock service tests should work" name="Mock service tests should work" time="0.152">
    </testcase>
  </testsuite>
</testsuites>